// Jest Snapshot v1, https://goo.gl/fbAQLP

exports[`Detail component Rendered Detail component 1`] = `
Object {
  "asFragment": [Function],
  "baseElement": <body>
    <div>
      <nav
        class="NavBar"
      >
        <a
          class="NavBar__Back"
          href="/React-Capstone/"
        >
          <svg
            fill="none"
            height="16"
            width="16"
            xmlns="http://www.w3.org/2000/svg"
          >
            <path
              d="M16 7H3.83l5.59-5.59L8 0 0 8l8 8 1.41-1.41L3.83 9H16V7Z"
              fill="#2b6ec6"
            />
          </svg>
        </a>
        <h1
          class="NavBar__Title"
        >
          Cryptic
        </h1>
        <img
          class="NavBar__Image"
          src="https://cryptologos.cc/logos/near-protocol-near-logo.svg?v=023"
        />
        <h1
          class="NavBar__Title"
        >
          World
        </h1>
      </nav>
      <div
        class="Container"
      >
        <div
          class="Icon_Container"
        >
          <img
            class=""
          />
          <p>
            ~
            $NaN
          </p>
        </div>
        <div
          class="Details"
        >
          <div
            class="background"
          >
            <span>
              Coin name :
            </span>
            <span />
          </div>
          <div
            class="background"
          >
            <span>
              Coin symbol :
            </span>
            <span />
          </div>
          <div
            class="background"
          >
            <span>
              Ranking :
            </span>
            <span />
          </div>
          <div
            class="background"
          >
            <span>
              Price :
            </span>
            <span>
               
              $NaN
            </span>
          </div>
          <div
            class="background"
          >
            <span>
               Cap :
            </span>
            <span>
               
              $NaN
            </span>
          </div>
          <div
            class="background"
          >
            <span>
               Price change week :
            </span>
            <span />
          </div>
          <div
            class="background"
          >
            <span>
               Supply :
            </span>
            <span>
              ~
              $NaN
            </span>
          </div>
        </div>
      </div>
    </div>
  </body>,
  "container": <div>
    <nav
      class="NavBar"
    >
      <a
        class="NavBar__Back"
        href="/React-Capstone/"
      >
        <svg
          fill="none"
          height="16"
          width="16"
          xmlns="http://www.w3.org/2000/svg"
        >
          <path
            d="M16 7H3.83l5.59-5.59L8 0 0 8l8 8 1.41-1.41L3.83 9H16V7Z"
            fill="#2b6ec6"
          />
        </svg>
      </a>
      <h1
        class="NavBar__Title"
      >
        Cryptic
      </h1>
      <img
        class="NavBar__Image"
        src="https://cryptologos.cc/logos/near-protocol-near-logo.svg?v=023"
      />
      <h1
        class="NavBar__Title"
      >
        World
      </h1>
    </nav>
    <div
      class="Container"
    >
      <div
        class="Icon_Container"
      >
        <img
          class=""
        />
        <p>
          ~
          $NaN
        </p>
      </div>
      <div
        class="Details"
      >
        <div
          class="background"
        >
          <span>
            Coin name :
          </span>
          <span />
        </div>
        <div
          class="background"
        >
          <span>
            Coin symbol :
          </span>
          <span />
        </div>
        <div
          class="background"
        >
          <span>
            Ranking :
          </span>
          <span />
        </div>
        <div
          class="background"
        >
          <span>
            Price :
          </span>
          <span>
             
            $NaN
          </span>
        </div>
        <div
          class="background"
        >
          <span>
             Cap :
          </span>
          <span>
             
            $NaN
          </span>
        </div>
        <div
          class="background"
        >
          <span>
             Price change week :
          </span>
          <span />
        </div>
        <div
          class="background"
        >
          <span>
             Supply :
          </span>
          <span>
            ~
            $NaN
          </span>
        </div>
      </div>
    </div>
  </div>,
  "debug": [Function],
  "findAllByAltText": [Function],
  "findAllByDisplayValue": [Function],
  "findAllByLabelText": [Function],
  "findAllByPlaceholderText": [Function],
  "findAllByRole": [Function],
  "findAllByTestId": [Function],
  "findAllByText": [Function],
  "findAllByTitle": [Function],
  "findByAltText": [Function],
  "findByDisplayValue": [Function],
  "findByLabelText": [Function],
  "findByPlaceholderText": [Function],
  "findByRole": [Function],
  "findByTestId": [Function],
  "findByText": [Function],
  "findByTitle": [Function],
  "getAllByAltText": [Function],
  "getAllByDisplayValue": [Function],
  "getAllByLabelText": [Function],
  "getAllByPlaceholderText": [Function],
  "getAllByRole": [Function],
  "getAllByTestId": [Function],
  "getAllByText": [Function],
  "getAllByTitle": [Function],
  "getByAltText": [Function],
  "getByDisplayValue": [Function],
  "getByLabelText": [Function],
  "getByPlaceholderText": [Function],
  "getByRole": [Function],
  "getByTestId": [Function],
  "getByText": [Function],
  "getByTitle": [Function],
  "queryAllByAltText": [Function],
  "queryAllByDisplayValue": [Function],
  "queryAllByLabelText": [Function],
  "queryAllByPlaceholderText": [Function],
  "queryAllByRole": [Function],
  "queryAllByTestId": [Function],
  "queryAllByText": [Function],
  "queryAllByTitle": [Function],
  "queryByAltText": [Function],
  "queryByDisplayValue": [Function],
  "queryByLabelText": [Function],
  "queryByPlaceholderText": [Function],
  "queryByRole": [Function],
  "queryByTestId": [Function],
  "queryByText": [Function],
  "queryByTitle": [Function],
  "rerender": [Function],
  "unmount": [Function],
}
`;
